\BOOKMARK [1][-]{section.1}{\376\377\000S\000u\000m\000m\000a\000r\000y}{}% 1
\BOOKMARK [1][-]{section.2}{\376\377\000P\000y\000t\000h\000o\000n\000\040\000C\000o\000d\000e\000\040\000L\000i\000s\000t\000i\000n\000g\000s}{}% 2
\BOOKMARK [2][-]{subsection.2.1}{\376\377\000a\000l\000l\000\137\000d\000e\000m\000o\000s\000.\000p\000y}{section.2}% 3
\BOOKMARK [2][-]{subsection.2.2}{\376\377\000c\000o\000m\000m\000o\000n\000.\000p\000y}{section.2}% 4
\BOOKMARK [2][-]{subsection.2.3}{\376\377\000c\000o\000n\000s\000t\000a\000n\000t\000s\000.\000p\000y}{section.2}% 5
\BOOKMARK [2][-]{subsection.2.4}{\376\377\000d\000e\000m\000o\0001\000.\000p\000y}{section.2}% 6
\BOOKMARK [2][-]{subsection.2.5}{\376\377\000d\000e\000m\000o\0002\000.\000p\000y}{section.2}% 7
\BOOKMARK [2][-]{subsection.2.6}{\376\377\000d\000e\000m\000o\0003\000.\000p\000y}{section.2}% 8
\BOOKMARK [2][-]{subsection.2.7}{\376\377\000d\000e\000m\000o\0004\000.\000p\000y}{section.2}% 9
\BOOKMARK [2][-]{subsection.2.8}{\376\377\000d\000e\000m\000o\000\137\000e\000x\000c\000l\000u\000s\000i\000o\000n\000\137\000d\000e\000b\000u\000g\000\137\000p\000r\000i\000n\000t\000.\000p\000y}{section.2}% 10
\BOOKMARK [2][-]{subsection.2.9}{\376\377\000d\000e\000m\000o\000\137\000e\000x\000c\000l\000u\000s\000i\000o\000n\000\137\000t\000a\000b\000l\000e\000.\000p\000y}{section.2}% 11
\BOOKMARK [2][-]{subsection.2.10}{\376\377\000d\000e\000m\000o\000\137\000f\000i\000x\000e\000d\000p\000o\000i\000n\000t\000s\000.\000p\000y}{section.2}% 12
\BOOKMARK [2][-]{subsection.2.11}{\376\377\000d\000e\000m\000o\000\137\000l\000a\000m\000b\000e\000r\000t\000i\000a\000n\000.\000p\000y}{section.2}% 13
\BOOKMARK [2][-]{subsection.2.12}{\376\377\000d\000e\000m\000o\000\137\000p\000o\000i\000n\000t\000i\000n\000g\000\137\000p\000l\000o\000t\000.\000p\000y}{section.2}% 14
\BOOKMARK [2][-]{subsection.2.13}{\376\377\000d\000e\000m\000o\000\137\000p\000o\000i\000n\000t\000i\000n\000g\000\137\000s\000e\000q\000u\000e\000n\000c\000e\000.\000p\000y}{section.2}% 15
\BOOKMARK [2][-]{subsection.2.14}{\376\377\000d\000e\000m\000o\000\137\000p\000o\000i\000n\000t\000i\000n\000g\000\137\000v\000e\000c\000t\000o\000r\000s\000.\000p\000y}{section.2}% 16
\BOOKMARK [2][-]{subsection.2.15}{\376\377\000d\000e\000m\000o\000\137\000s\000k\000y\000\137\000s\000c\000a\000n\000.\000p\000y}{section.2}% 17
\BOOKMARK [2][-]{subsection.2.16}{\376\377\000g\000e\000n\000e\000r\000a\000t\000e\000\137\000l\000o\000g\000\137\000s\000p\000h\000e\000r\000i\000c\000a\000l\000\137\000p\000o\000i\000n\000t\000s\000.\000p\000y}{section.2}% 18
\BOOKMARK [2][-]{subsection.2.17}{\376\377\000g\000e\000n\000e\000r\000a\000t\000e\000\137\000r\000e\000p\000o\000r\000t\000.\000p\000y}{section.2}% 19
\BOOKMARK [2][-]{subsection.2.18}{\376\377\000l\000a\000m\000b\000e\000r\000t\000i\000a\000n\000.\000p\000y}{section.2}% 20
\BOOKMARK [2][-]{subsection.2.19}{\376\377\000p\000l\000o\000t\000t\000i\000n\000g\000\137\0003\000d\000.\000p\000y}{section.2}% 21
\BOOKMARK [2][-]{subsection.2.20}{\376\377\000p\000l\000o\000t\000t\000i\000n\000g\000\137\000v\000e\000c\000t\000o\000r\000s\000.\000p\000y}{section.2}% 22
\BOOKMARK [2][-]{subsection.2.21}{\376\377\000p\000o\000i\000n\000t\000i\000n\000g\000.\000p\000y}{section.2}% 23
\BOOKMARK [2][-]{subsection.2.22}{\376\377\000p\000o\000i\000n\000t\000i\000n\000g\000\137\000v\000e\000c\000t\000o\000r\000s\000.\000p\000y}{section.2}% 24
\BOOKMARK [2][-]{subsection.2.23}{\376\377\000p\000r\000o\000p\000a\000g\000a\000t\000i\000o\000n\000.\000p\000y}{section.2}% 25
\BOOKMARK [2][-]{subsection.2.24}{\376\377\000r\000a\000d\000i\000o\000m\000e\000t\000r\000y\000\137\000c\000a\000l\000c\000s\000.\000p\000y}{section.2}% 26
\BOOKMARK [2][-]{subsection.2.25}{\376\377\000r\000a\000d\000i\000o\000m\000e\000t\000r\000y\000\137\000d\000a\000t\000a\000.\000p\000y}{section.2}% 27
\BOOKMARK [2][-]{subsection.2.26}{\376\377\000s\000i\000m\000u\000l\000a\000t\000i\000o\000n\000.\000p\000y}{section.2}% 28
\BOOKMARK [2][-]{subsection.2.27}{\376\377\000v\000i\000s\000i\000b\000i\000l\000i\000t\000y\000.\000p\000y}{section.2}% 29
